reading C:\Users\senit\Desktop\Projects\Research\Artifact\Dataset\19314170\final-2017-01-25.csv\final-2017-01-25.csv …
  analytic builds 922,624; kept calibration 138,687 (150 projects); dropped {'train': 645244, 'test': 138693} (68s)
[    74s] duration-control quality …
[    80s] xgboost:control: PR-AUC 0.390357 — CIs …
[   167s] xgboost:full: PR-AUC 0.328552 — CIs …
[   239s] logreg:control: PR-AUC 0.388304 — CIs …
[   325s] logreg:full: PR-AUC 0.307219 — CIs …
[   397s] random_forest:control: PR-AUC 0.377358 — CIs …
[   493s] random_forest:full: PR-AUC 0.378120 — CIs …
[   575s] xgboost:F1: PR-AUC 0.386679 — CIs …
[   651s] xgboost:F2: PR-AUC 0.384832 — CIs …
[   739s] xgboost:F3: PR-AUC 0.367025 — CIs …
[   807s] xgboost:F4: PR-AUC 0.325664 — CIs …
[   878s] xgboost:F5: PR-AUC 0.324034 — CIs …
[   961s] xgboost:F6: PR-AUC 0.387438 — CIs …
[  1047s] paired delta F1 vs control …
[  1217s] paired delta F2 vs control …
[  1372s] paired delta F3 vs control …
[  1527s] paired delta F4 vs control …
[  1678s] paired delta F5 vs control …
[  1831s] paired delta F6 vs control …
[  1992s] paired delta xgboost full vs control …
[  2159s] paired delta logreg full vs control …
[  2323s] paired delta random_forest full vs control …
[  2481s] SHAP on the frozen full arm …

rehearsal: 32/32 checks pass → C:\Users\senit\Desktop\Projects\Research\Artifact\Research_Artifact\results\p3\rehearsal
