reading C:\Users\senit\Desktop\Projects\Research\Artifact\Dataset\19314170\final-2017-01-25.csv\final-2017-01-25.csv …
  analytic builds: 922,624 across 948 projects (68s)
  test split closed: 138,693 builds / 170 projects dropped unread

attaching d̂ from the frozen control (fit id 1088d5546f47ff12, primary form 4b) …
  train 645,244 builds (24.354% failure) · calibration 138,687 builds (28.549% failure)

--fresh: cleared every per-arm checkpoint under code\artifacts\checkpoints

run fingerprint 18fa5af3ff73ca57 · per-arm checkpoints under code\artifacts\checkpoints

[    85s] training xgboost:control (1 feature(s), 20 candidates) …
    xgboost        control   1/20  val PR-AUC 0.253037  best 0.253037
    xgboost        control   2/20  val PR-AUC 0.254415  best 0.254415
    xgboost        control   3/20  val PR-AUC 0.268439  best 0.268439
    xgboost        control   4/20  val PR-AUC 0.250572  best 0.268439
    xgboost        control   5/20  val PR-AUC 0.253933  best 0.268439
    xgboost        control   6/20  val PR-AUC 0.251659  best 0.268439
    xgboost        control   7/20  val PR-AUC 0.251068  best 0.268439
    xgboost        control   8/20  val PR-AUC 0.251905  best 0.268439
    xgboost        control   9/20  val PR-AUC 0.252532  best 0.268439
    xgboost        control  10/20  val PR-AUC 0.253521  best 0.268439
    xgboost        control  11/20  val PR-AUC 0.252288  best 0.268439
    xgboost        control  12/20  val PR-AUC 0.267006  best 0.268439
    xgboost        control  13/20  val PR-AUC 0.253579  best 0.268439
    xgboost        control  14/20  val PR-AUC 0.253111  best 0.268439
    xgboost        control  15/20  val PR-AUC 0.251387  best 0.268439
    xgboost        control  16/20  val PR-AUC 0.253555  best 0.268439
    xgboost        control  17/20  val PR-AUC 0.268651  best 0.268651
    xgboost        control  18/20  val PR-AUC 0.252583  best 0.268651
    xgboost        control  19/20  val PR-AUC 0.261400  best 0.268651
    xgboost        control  20/20  val PR-AUC 0.252363  best 0.268651
  calibrating xgboost:control on 138,687 calibration builds …
    xgboost:control          isotonic  Brier 0.192133  ECE 0.000000
    xgboost:control          sigmoid   Brier 0.195314  ECE 0.027766
  xgboost:control: PR-AUC 0.391477 · ROC-AUC 0.650497 · Brier 0.192133 · ECE 0.000000 · tau 0.275386 · round-trip PASS

[   193s] training logreg:control (1 feature(s), 20 candidates) …
    logreg         control   1/20  val PR-AUC 0.245269  best 0.245269
    logreg         control   2/20  val PR-AUC 0.245269  best 0.245269
    logreg         control   3/20  val PR-AUC 0.245269  best 0.245269
    logreg         control   4/20  val PR-AUC 0.245269  best 0.245269
    logreg         control   5/20  val PR-AUC 0.245269  best 0.245269
    logreg         control   6/20  val PR-AUC 0.245269  best 0.245269
    logreg         control   7/20  val PR-AUC 0.245269  best 0.245269
    logreg         control   8/20  val PR-AUC 0.245269  best 0.245269
    logreg         control   9/20  val PR-AUC 0.245269  best 0.245269
    logreg         control  10/20  val PR-AUC 0.245269  best 0.245269
    logreg         control  11/20  val PR-AUC 0.245269  best 0.245269
    logreg         control  12/20  val PR-AUC 0.245269  best 0.245269
    logreg         control  13/20  val PR-AUC 0.245269  best 0.245269
    logreg         control  14/20  val PR-AUC 0.245269  best 0.245269
    logreg         control  15/20  val PR-AUC 0.245269  best 0.245269
    logreg         control  16/20  val PR-AUC 0.245269  best 0.245269
    logreg         control  17/20  val PR-AUC 0.245269  best 0.245269
    logreg         control  18/20  val PR-AUC 0.245269  best 0.245269
    logreg         control  19/20  val PR-AUC 0.245269  best 0.245269
    logreg         control  20/20  val PR-AUC 0.245269  best 0.245269
  calibrating logreg:control on 138,687 calibration builds …
    logreg:control           isotonic  Brier 0.191540  ECE 0.000000
    logreg:control           sigmoid   Brier 0.194591  ECE 0.020377
  logreg:control: PR-AUC 0.388177 · ROC-AUC 0.654004 · Brier 0.191540 · ECE 0.000000 · tau 0.247261 · round-trip PASS

[   203s] training random_forest:control (1 feature(s), 20 candidates) …
    random_forest  control   1/20  val PR-AUC 0.242620  best 0.242620
    random_forest  control   2/20  val PR-AUC 0.268123  best 0.268123
    random_forest  control   3/20  val PR-AUC 0.241878  best 0.268123
    random_forest  control   4/20  val PR-AUC 0.245596  best 0.268123
    random_forest  control   5/20  val PR-AUC 0.251551  best 0.268123
    random_forest  control   6/20  val PR-AUC 0.268661  best 0.268661
    random_forest  control   7/20  val PR-AUC 0.258534  best 0.268661
    random_forest  control   8/20  val PR-AUC 0.260456  best 0.268661
    random_forest  control   9/20  val PR-AUC 0.241481  best 0.268661
    random_forest  control  10/20  val PR-AUC 0.243770  best 0.268661
    random_forest  control  11/20  val PR-AUC 0.250343  best 0.268661
    random_forest  control  12/20  val PR-AUC 0.260458  best 0.268661
    random_forest  control  13/20  val PR-AUC 0.242011  best 0.268661
    random_forest  control  14/20  val PR-AUC 0.240079  best 0.268661
    random_forest  control  15/20  val PR-AUC 0.267728  best 0.268661
    random_forest  control  16/20  val PR-AUC 0.240280  best 0.268661
    random_forest  control  17/20  val PR-AUC 0.242191  best 0.268661
    random_forest  control  18/20  val PR-AUC 0.241564  best 0.268661
    random_forest  control  19/20  val PR-AUC 0.258171  best 0.268661
    random_forest  control  20/20  val PR-AUC 0.260561  best 0.268661
  calibrating random_forest:control on 138,687 calibration builds …
    random_forest:control    isotonic  Brier 0.193855  ECE 0.000000
    random_forest:control    sigmoid   Brier 0.196115  ECE 0.031563
  random_forest:control: PR-AUC 0.377668 · ROC-AUC 0.639542 · Brier 0.193855 · ECE 0.000000 · tau 0.277978 · round-trip PASS

[   980s] training xgboost:full (29 feature(s), 20 candidates) …
    xgboost        full      1/20  val PR-AUC 0.457330  best 0.457330
    xgboost        full      2/20  val PR-AUC 0.424991  best 0.457330
    xgboost        full      3/20  val PR-AUC 0.386162  best 0.457330
    xgboost        full      4/20  val PR-AUC 0.457652  best 0.457652
    xgboost        full      5/20  val PR-AUC 0.439092  best 0.457652
    xgboost        full      6/20  val PR-AUC 0.445857  best 0.457652
    xgboost        full      7/20  val PR-AUC 0.456442  best 0.457652
    xgboost        full      8/20  val PR-AUC 0.465832  best 0.465832
    xgboost        full      9/20  val PR-AUC 0.452793  best 0.465832
    xgboost        full     10/20  val PR-AUC 0.417012  best 0.465832
    xgboost        full     11/20  val PR-AUC 0.442201  best 0.465832
    xgboost        full     12/20  val PR-AUC 0.406667  best 0.465832
    xgboost        full     13/20  val PR-AUC 0.427347  best 0.465832
    xgboost        full     14/20  val PR-AUC 0.435638  best 0.465832
    xgboost        full     15/20  val PR-AUC 0.444387  best 0.465832
    xgboost        full     16/20  val PR-AUC 0.422180  best 0.465832
    xgboost        full     17/20  val PR-AUC 0.399875  best 0.465832
    xgboost        full     18/20  val PR-AUC 0.437275  best 0.465832
    xgboost        full     19/20  val PR-AUC 0.416311  best 0.465832
    xgboost        full     20/20  val PR-AUC 0.451037  best 0.465832
  calibrating xgboost:full on 138,687 calibration builds …
    xgboost:full             isotonic  Brier 0.201952  ECE 0.000000
    xgboost:full             sigmoid   Brier 0.203246  ECE 0.010376
  xgboost:full: PR-AUC 0.310566 · ROC-AUC 0.548656 · Brier 0.201952 · ECE 0.000000 · tau 0.229008 · round-trip PASS

[  1161s] training logreg:full (29 feature(s), 20 candidates) …
    logreg         full      1/20  val PR-AUC 0.307331  best 0.307331
    logreg         full      2/20  val PR-AUC 0.307446  best 0.307446
    logreg         full      3/20  val PR-AUC 0.307331  best 0.307446
    logreg         full      4/20  val PR-AUC 0.307332  best 0.307446
    logreg         full      5/20  val PR-AUC 0.307312  best 0.307446
    logreg         full      6/20  val PR-AUC 0.307331  best 0.307446
    logreg         full      7/20  val PR-AUC 0.307331  best 0.307446
    logreg         full      8/20  val PR-AUC 0.307331  best 0.307446
    logreg         full      9/20  val PR-AUC 0.307682  best 0.307682
    logreg         full     10/20  val PR-AUC 0.307445  best 0.307682
    logreg         full     11/20  val PR-AUC 0.307464  best 0.307682
    logreg         full     12/20  val PR-AUC 0.307331  best 0.307682
    logreg         full     13/20  val PR-AUC 0.307332  best 0.307682
    logreg         full     14/20  val PR-AUC 0.307331  best 0.307682
    logreg         full     15/20  val PR-AUC 0.307445  best 0.307682
    logreg         full     16/20  val PR-AUC 0.307474  best 0.307682
    logreg         full     17/20  val PR-AUC 0.307337  best 0.307682
    logreg         full     18/20  val PR-AUC 0.307071  best 0.307682
    logreg         full     19/20  val PR-AUC 0.307331  best 0.307682
    logreg         full     20/20  val PR-AUC 0.307333  best 0.307682
  calibrating logreg:full on 138,687 calibration builds …
    logreg:full              isotonic  Brier 0.201954  ECE 0.000000
    logreg:full              sigmoid   Brier 0.203210  ECE 0.016460
  logreg:full: PR-AUC 0.307124 · ROC-AUC 0.544688 · Brier 0.201954 · ECE 0.000000 · tau 0.233577 · round-trip PASS

[  1238s] training random_forest:full (29 feature(s), 20 candidates) …
    random_forest  full      1/20  val PR-AUC 0.438746  best 0.438746
    random_forest  full      2/20  val PR-AUC 0.405277  best 0.438746
    random_forest  full      3/20  val PR-AUC 0.453840  best 0.453840
    random_forest  full      4/20  val PR-AUC 0.428256  best 0.453840
    random_forest  full      5/20  val PR-AUC 0.427570  best 0.453840
    random_forest  full      6/20  val PR-AUC 0.399497  best 0.453840
    random_forest  full      7/20  val PR-AUC 0.416334  best 0.453840
    random_forest  full      8/20  val PR-AUC 0.381916  best 0.453840
    random_forest  full      9/20  val PR-AUC 0.451101  best 0.453840
    random_forest  full     10/20  val PR-AUC 0.436517  best 0.453840
    random_forest  full     11/20  val PR-AUC 0.419896  best 0.453840
    random_forest  full     12/20  val PR-AUC 0.381746  best 0.453840
    random_forest  full     13/20  val PR-AUC 0.443346  best 0.453840
    random_forest  full     14/20  val PR-AUC 0.447310  best 0.453840
    random_forest  full     15/20  val PR-AUC 0.395041  best 0.453840
    random_forest  full     16/20  val PR-AUC 0.457299  best 0.457299
    random_forest  full     17/20  val PR-AUC 0.449028  best 0.457299
    random_forest  full     18/20  val PR-AUC 0.446134  best 0.457299
    random_forest  full     19/20  val PR-AUC 0.414326  best 0.457299
    random_forest  full     20/20  val PR-AUC 0.381351  best 0.457299
  calibrating random_forest:full on 138,687 calibration builds …
    random_forest:full       isotonic  Brier 0.196386  ECE 0.000000
    random_forest:full       sigmoid   Brier 0.198602  ECE 0.018408
  random_forest:full: PR-AUC 0.365366 · ROC-AUC 0.603994 · Brier 0.196386 · ECE 0.000000 · tau 0.234274 · round-trip PASS

wrote results/p1/model_training.{md,json} and calibration/ in 2381.6s
exit=0
