sweep a …
  replaying 102 settings (fingerprint 4ef52a43997ee429) …
  [  1/102] 1_static: resumed
  [  2/102] 2_blanket_carbon_aware__d0__w167: resumed
  [  3/102] 3_eligibility_only__d0__w6: resumed
  [  4/102] 3_eligibility_only__d0__w12: resumed
  [  5/102] 3_eligibility_only__d0__w24: resumed
  [  6/102] 4a_duration_estimator__d0__w6: resumed
  [  7/102] 4a_duration_estimator__d60__w6: resumed
  [  8/102] 4a_duration_estimator__d120__w6: resumed
  [  9/102] 4a_duration_estimator__d240__w6: resumed
  [ 10/102] 4a_duration_estimator__d480__w6: resumed
  [ 11/102] 4a_duration_estimator__d960__w6: resumed
  [ 12/102] 4a_duration_estimator__d1920__w6: resumed
  [ 13/102] 4a_duration_estimator__d3840__w6: resumed
  [ 14/102] 4a_duration_estimator__d7680__w6: resumed
  [ 15/102] 4a_duration_estimator__d15360__w6: resumed
  [ 16/102] 4a_duration_estimator__d0__w12: resumed
  [ 17/102] 4a_duration_estimator__d60__w12: resumed
  [ 18/102] 4a_duration_estimator__d120__w12: resumed
  [ 19/102] 4a_duration_estimator__d240__w12: resumed
  [ 20/102] 4a_duration_estimator__d480__w12: resumed
  [ 21/102] 4a_duration_estimator__d960__w12: resumed
  [ 22/102] 4a_duration_estimator__d1920__w12: resumed
  [ 23/102] 4a_duration_estimator__d3840__w12: resumed
  [ 24/102] 4a_duration_estimator__d7680__w12: resumed
  [ 25/102] 4a_duration_estimator__d15360__w12: resumed
  [ 26/102] 4a_duration_estimator__d0__w24: resumed
  [ 27/102] 4a_duration_estimator__d60__w24: resumed
  [ 28/102] 4a_duration_estimator__d120__w24: resumed
  [ 29/102] 4a_duration_estimator__d240__w24: resumed
  [ 30/102] 4a_duration_estimator__d480__w24: resumed
  [ 31/102] 4a_duration_estimator__d960__w24: resumed
  [ 32/102] 4a_duration_estimator__d1920__w24: resumed
  [ 33/102] 4a_duration_estimator__d3840__w24: resumed
  [ 34/102] 4a_duration_estimator__d7680__w24: resumed
  [ 35/102] 4a_duration_estimator__d15360__w24: resumed
  [ 36/102] 4b_duration_prior__d0__w6: resumed
  [ 37/102] 4b_duration_prior__d60__w6: resumed
  [ 38/102] 4b_duration_prior__d120__w6: resumed
  [ 39/102] 4b_duration_prior__d240__w6: resumed
  [ 40/102] 4b_duration_prior__d480__w6: resumed
  [ 41/102] 4b_duration_prior__d960__w6: resumed
  [ 42/102] 4b_duration_prior__d1920__w6: resumed
  [ 43/102] 4b_duration_prior__d3840__w6: resumed
  [ 44/102] 4b_duration_prior__d7680__w6: resumed
  [ 45/102] 4b_duration_prior__d15360__w6: resumed
  [ 46/102] 4b_duration_prior__d0__w12: resumed
  [ 47/102] 4b_duration_prior__d60__w12: resumed
  [ 48/102] 4b_duration_prior__d120__w12: resumed
  [ 49/102] 4b_duration_prior__d240__w12: resumed
  [ 50/102] 4b_duration_prior__d480__w12: resumed
  [ 51/102] 4b_duration_prior__d960__w12: resumed
  [ 52/102] 4b_duration_prior__d1920__w12: resumed
  [ 53/102] 4b_duration_prior__d3840__w12: resumed
  [ 54/102] 4b_duration_prior__d7680__w12: resumed
  [ 55/102] 4b_duration_prior__d15360__w12: resumed
  [ 56/102] 4b_duration_prior__d0__w24: resumed
  [ 57/102] 4b_duration_prior__d60__w24: resumed
  [ 58/102] 4b_duration_prior__d120__w24: resumed
  [ 59/102] 4b_duration_prior__d240__w24: resumed
  [ 60/102] 4b_duration_prior__d480__w24: resumed
  [ 61/102] 4b_duration_prior__d960__w24: resumed
  [ 62/102] 4b_duration_prior__d1920__w24: resumed
  [ 63/102] 4b_duration_prior__d3840__w24: resumed
  [ 64/102] 4b_duration_prior__d7680__w24: resumed
  [ 65/102] 4b_duration_prior__d15360__w24: resumed
  [ 66/102] 5_se_informed_policy__d0__w6: resumed
  [ 67/102] 5_se_informed_policy__d60__w6: resumed
  [ 68/102] 5_se_informed_policy__d120__w6: resumed
  [ 69/102] 5_se_informed_policy__d240__w6: resumed
  [ 70/102] 5_se_informed_policy__d480__w6: resumed
  [ 71/102] 5_se_informed_policy__d960__w6: resumed
  [ 72/102] 5_se_informed_policy__d1920__w6: resumed
  [ 73/102] 5_se_informed_policy__d3840__w6: resumed
  [ 74/102] 5_se_informed_policy__d7680__w6: resumed
  [ 75/102] 5_se_informed_policy__d15360__w6: resumed
  [ 76/102] 5_se_informed_policy__d0__w12: resumed
  [ 77/102] 5_se_informed_policy__d60__w12: resumed
  [ 78/102] 5_se_informed_policy__d120__w12: resumed
  [ 79/102] 5_se_informed_policy__d240__w12: resumed
  [ 80/102] 5_se_informed_policy__d480__w12: resumed
  [ 81/102] 5_se_informed_policy__d960__w12: resumed
  [ 82/102] 5_se_informed_policy__d1920__w12: resumed
  [ 83/102] 5_se_informed_policy__d3840__w12: resumed
  [ 84/102] 5_se_informed_policy__d7680__w12: resumed
  [ 85/102] 5_se_informed_policy__d15360__w12: resumed
  [ 86/102] 5_se_informed_policy__d0__w24: resumed
  [ 87/102] 5_se_informed_policy__d60__w24: resumed
  [ 88/102] 5_se_informed_policy__d120__w24: resumed
  [ 89/102] 5_se_informed_policy__d240__w24: resumed
  [ 90/102] 5_se_informed_policy__d480__w24: resumed
  [ 91/102] 5_se_informed_policy__d960__w24: resumed
  [ 92/102] 5_se_informed_policy__d1920__w24: resumed
  [ 93/102] 5_se_informed_policy__d3840__w24: resumed
  [ 94/102] 5_se_informed_policy__d7680__w24: resumed
  [ 95/102] 5_se_informed_policy__d15360__w24: resumed
  [ 96/102] 6_risk_only_skip__t0: resumed
  [ 97/102] 6_risk_only_skip__t0.05: resumed
  [ 98/102] 6_risk_only_skip__t0.1: resumed
  [ 99/102] 6_risk_only_skip__t0.15: resumed
  [100/102] 6_risk_only_skip__t0.2: resumed
  [101/102] 6_risk_only_skip__t0.25: resumed
  [102/102] 6_risk_only_skip__t0.3: resumed
  loaded 1_static
  loaded 2_blanket_carbon_aware__d0__w167
  loaded 3_eligibility_only__d0__w24
  loaded 4a_duration_estimator__d0__w6
  loaded 4a_duration_estimator__d60__w6
  loaded 4a_duration_estimator__d120__w6
  loaded 4a_duration_estimator__d240__w6
  loaded 4a_duration_estimator__d480__w6
  loaded 4a_duration_estimator__d960__w6
  loaded 4a_duration_estimator__d1920__w6
  loaded 4a_duration_estimator__d3840__w6
  loaded 4a_duration_estimator__d7680__w6
  loaded 4a_duration_estimator__d15360__w6
  loaded 4a_duration_estimator__d0__w12
  loaded 4a_duration_estimator__d60__w12
  loaded 4a_duration_estimator__d120__w12
  loaded 4a_duration_estimator__d240__w12
  loaded 4a_duration_estimator__d480__w12
  loaded 4a_duration_estimator__d960__w12
  loaded 4a_duration_estimator__d1920__w12
  loaded 4a_duration_estimator__d3840__w12
  loaded 4a_duration_estimator__d7680__w12
  loaded 4a_duration_estimator__d15360__w12
  loaded 4a_duration_estimator__d0__w24
  loaded 4a_duration_estimator__d60__w24
  loaded 4a_duration_estimator__d120__w24
  loaded 4a_duration_estimator__d240__w24
  loaded 4a_duration_estimator__d480__w24
  loaded 4a_duration_estimator__d960__w24
  loaded 4a_duration_estimator__d1920__w24
  loaded 4a_duration_estimator__d3840__w24
  loaded 4a_duration_estimator__d7680__w24
  loaded 4a_duration_estimator__d15360__w24
  loaded 4b_duration_prior__d0__w6
  loaded 4b_duration_prior__d60__w6
  loaded 4b_duration_prior__d120__w6
  loaded 4b_duration_prior__d240__w6
  loaded 4b_duration_prior__d480__w6
  loaded 4b_duration_prior__d960__w6
  loaded 4b_duration_prior__d1920__w6
  loaded 4b_duration_prior__d3840__w6
  loaded 4b_duration_prior__d7680__w6
  loaded 4b_duration_prior__d15360__w6
  loaded 4b_duration_prior__d0__w12
  loaded 4b_duration_prior__d60__w12
  loaded 4b_duration_prior__d120__w12
  loaded 4b_duration_prior__d240__w12
  loaded 4b_duration_prior__d480__w12
  loaded 4b_duration_prior__d960__w12
  loaded 4b_duration_prior__d1920__w12
  loaded 4b_duration_prior__d3840__w12
  loaded 4b_duration_prior__d7680__w12
  loaded 4b_duration_prior__d15360__w12
  loaded 4b_duration_prior__d0__w24
  loaded 4b_duration_prior__d60__w24
  loaded 4b_duration_prior__d120__w24
  loaded 4b_duration_prior__d240__w24
  loaded 4b_duration_prior__d480__w24
  loaded 4b_duration_prior__d960__w24
  loaded 4b_duration_prior__d1920__w24
  loaded 4b_duration_prior__d3840__w24
  loaded 4b_duration_prior__d7680__w24
  loaded 4b_duration_prior__d15360__w24
  loaded 5_se_informed_policy__d0__w6
  loaded 5_se_informed_policy__d60__w6
  loaded 5_se_informed_policy__d120__w6
  loaded 5_se_informed_policy__d240__w6
  loaded 5_se_informed_policy__d480__w6
  loaded 5_se_informed_policy__d960__w6
  loaded 5_se_informed_policy__d1920__w6
  loaded 5_se_informed_policy__d3840__w6
  loaded 5_se_informed_policy__d7680__w6
  loaded 5_se_informed_policy__d15360__w6
  loaded 5_se_informed_policy__d0__w12
  loaded 5_se_informed_policy__d60__w12
  loaded 5_se_informed_policy__d120__w12
  loaded 5_se_informed_policy__d240__w12
  loaded 5_se_informed_policy__d480__w12
  loaded 5_se_informed_policy__d960__w12
  loaded 5_se_informed_policy__d1920__w12
  loaded 5_se_informed_policy__d3840__w12
  loaded 5_se_informed_policy__d7680__w12
  loaded 5_se_informed_policy__d15360__w12
  loaded 5_se_informed_policy__d0__w24
  loaded 5_se_informed_policy__d60__w24
  loaded 5_se_informed_policy__d120__w24
  loaded 5_se_informed_policy__d240__w24
  loaded 5_se_informed_policy__d480__w24
  loaded 5_se_informed_policy__d960__w24
  loaded 5_se_informed_policy__d1920__w24
  loaded 5_se_informed_policy__d3840__w24
  loaded 5_se_informed_policy__d7680__w24
  loaded 5_se_informed_policy__d15360__w24
    [S-a] resample 200/1000
    [S-a] resample 400/1000
    [S-a] resample 600/1000
    [S-a] resample 800/1000
    [S-a] resample 1000/1000
wrote results/p3/sensitivity/a.json (565s)
